Traceback (most recent call last):
  File "C:\Users\ASUS\AppData\Local\Programs\Python\Python312\Lib\site-packages\jupyter_cache\executors\utils.py", line 58, in single_nb_execution
    executenb(
  File "C:\Users\ASUS\AppData\Local\Programs\Python\Python312\Lib\site-packages\nbclient\client.py", line 1323, in execute
    return NotebookClient(nb=nb, resources=resources, km=km, **kwargs).execute()
           ^^^^^^^^^^^^^^^^^^^^^^^^^^^^^^^^^^^^^^^^^^^^^^^^^^^^^^^^^^^^^^^^^^^^^
  File "C:\Users\ASUS\AppData\Roaming\Python\Python312\site-packages\jupyter_core\utils\__init__.py", line 165, in wrapped
    return loop.run_until_complete(inner)
           ^^^^^^^^^^^^^^^^^^^^^^^^^^^^^^
  File "C:\Users\ASUS\AppData\Local\Programs\Python\Python312\Lib\asyncio\base_events.py", line 691, in run_until_complete
    return future.result()
           ^^^^^^^^^^^^^^^
  File "C:\Users\ASUS\AppData\Local\Programs\Python\Python312\Lib\site-packages\nbclient\client.py", line 709, in async_execute
    await self.async_execute_cell(
  File "C:\Users\ASUS\AppData\Local\Programs\Python\Python312\Lib\site-packages\nbclient\client.py", line 1062, in async_execute_cell
    await self._check_raise_for_error(cell, cell_index, exec_reply)
  File "C:\Users\ASUS\AppData\Local\Programs\Python\Python312\Lib\site-packages\nbclient\client.py", line 918, in _check_raise_for_error
    raise CellExecutionError.from_cell_and_msg(cell, exec_reply_content)
nbclient.exceptions.CellExecutionError: An error occurred while executing the following cell:
------------------
import pandas as pd
import matplotlib.pyplot as plt
import seaborn as sns
from sklearn.ensemble import IsolationForest

df = pd.read_csv("../data/csv/CH4_gresik_timeseries.csv")
df_clean = df.dropna(subset=['CH4']).copy()

model = IsolationForest(contamination=0.05, random_state=42)
df_clean['outlier'] = model.fit_predict(df_clean[['CH4']])

outliers_ch4 = df_clean[df_clean['outlier'] == -1]
print(f"Jumlah outlier pada data ch4 : {len(outliers_ch4)}")

# Visualisasi Grafik Outlier CH4
df_clean['date'] = pd.to_datetime(df_clean['date'])
plt.figure(figsize=(10, 4))
sns.scatterplot(
    data=df_clean, 
    x='date', 
    y='CH4', 
    hue='outlier', 
    palette={1: 'blue', -1: 'red'}, 
    s=50
)
plt.title('Deteksi Outlier CH4 (Merah = Outlier, Biru = Normal)')
plt.xlabel('Tanggal')
plt.ylabel('Konsentrasi CH4')
plt.grid(True)
plt.show()
------------------


[31m---------------------------------------------------------------------------[39m
[31mModuleNotFoundError[39m                       Traceback (most recent call last)
[36mCell[39m[36m [39m[32mIn[10][39m[32m, line 3[39m
[32m      1[39m [38;5;28;01mimport[39;00m pandas [38;5;28;01mas[39;00m pd
[32m      2[39m [38;5;28;01mimport[39;00m matplotlib.pyplot [38;5;28;01mas[39;00m plt
[32m----> [39m[32m3[39m [38;5;28;01mimport[39;00m seaborn [38;5;28;01mas[39;00m sns
[32m      4[39m [38;5;28;01mfrom[39;00m sklearn.ensemble [38;5;28;01mimport[39;00m IsolationForest
[32m      5[39m 
[32m      6[39m df = pd.read_csv([33m"../data/csv/CH4_gresik_timeseries.csv"[39m)

[31mModuleNotFoundError[39m: No module named 'seaborn'

