Traceback (most recent call last):
  File "C:\Users\ASUS\AppData\Local\Programs\Python\Python312\Lib\site-packages\jupyter_cache\executors\utils.py", line 58, in single_nb_execution
    executenb(
  File "C:\Users\ASUS\AppData\Local\Programs\Python\Python312\Lib\site-packages\nbclient\client.py", line 1323, in execute
    return NotebookClient(nb=nb, resources=resources, km=km, **kwargs).execute()
           ^^^^^^^^^^^^^^^^^^^^^^^^^^^^^^^^^^^^^^^^^^^^^^^^^^^^^^^^^^^^^^^^^^^^^
  File "C:\Users\ASUS\AppData\Roaming\Python\Python312\site-packages\jupyter_core\utils\__init__.py", line 165, in wrapped
    return loop.run_until_complete(inner)
           ^^^^^^^^^^^^^^^^^^^^^^^^^^^^^^
  File "C:\Users\ASUS\AppData\Local\Programs\Python\Python312\Lib\asyncio\base_events.py", line 691, in run_until_complete
    return future.result()
           ^^^^^^^^^^^^^^^
  File "C:\Users\ASUS\AppData\Local\Programs\Python\Python312\Lib\site-packages\nbclient\client.py", line 709, in async_execute
    await self.async_execute_cell(
  File "C:\Users\ASUS\AppData\Local\Programs\Python\Python312\Lib\site-packages\nbclient\client.py", line 1062, in async_execute_cell
    await self._check_raise_for_error(cell, cell_index, exec_reply)
  File "C:\Users\ASUS\AppData\Local\Programs\Python\Python312\Lib\site-packages\nbclient\client.py", line 918, in _check_raise_for_error
    raise CellExecutionError.from_cell_and_msg(cell, exec_reply_content)
nbclient.exceptions.CellExecutionError: An error occurred while executing the following cell:
------------------
# 2. Mengekstrak 68 Fitur dari Sinyal CO Clean (365 Hari)
features_df = tsfel.time_series_features_extractor(cfg, df_clean['CO'], fs=1, verbose=0)

# 3. Format Tabel f1 hingga f68 Sesuai Penomoran Tugas
tabel_fitur = features_df.T.reset_index()
tabel_fitur.columns = ['Nama Fitur TSFEL', 'Nilai Fitur']
tabel_fitur.index = [f'f{i+1}' for i in range(len(tabel_fitur))]

# 4. Simpan Matriks Fitur ke File CSV
features_path = '../data/csv/CO_tsfel_features.csv'
features_df.to_csv(features_path, index=False)
print(f"SUCCESS: {len(tabel_fitur)} Fitur TSFEL berhasil diekstrak dan disimpan ke '{features_path}'!")
------------------

----- stderr -----
C:\Users\ASUS\AppData\Local\Programs\Python\Python312\Lib\site-packages\tsfel\feature_extraction\calc_features.py:195: SyntaxWarning: invalid escape sequence '\*'
  \**kwargs:
------------------

[31m---------------------------------------------------------------------------[39m
[31mIndexError[39m                                Traceback (most recent call last)
[36mCell[39m[36m [39m[32mIn[5][39m[32m, line 2[39m
[32m      1[39m [38;5;66;03m# 2. Mengekstrak 68 Fitur dari Sinyal CO Clean (365 Hari)[39;00m
[32m----> [39m[32m2[39m features_df = tsfel.time_series_features_extractor(cfg, df_clean[[33m'CO'[39m], fs=[32m1[39m, verbose=[32m0[39m)
[32m      3[39m 
[32m      4[39m [38;5;66;03m# 3. Format Tabel f1 hingga f68 Sesuai Penomoran Tugas[39;00m
[32m      5[39m tabel_fitur = features_df.T.reset_index()

[36mFile [39m[32m~\AppData\Local\Programs\Python\Python312\Lib\site-packages\tsfel\feature_extraction\calc_features.py:379[39m, in [36mtime_series_features_extractor[39m[34m(config, timeseries, fs, window_size, overlap, verbose, **kwargs)[39m
[32m    374[39m         [38;5;28;01mraise[39;00m [38;5;167;01mSystemExit[39;00m(
[32m    375[39m             [33m"[39m[33mn_jobs value is not valid. [39m[33m"[39m [33m"[39m[33mChoose an integer value or None for no multiprocessing.[39m[33m"[39m,
[32m    376[39m         )
[32m    377[39m [38;5;66;03m# single window[39;00m
[32m    378[39m [38;5;28;01melse[39;00m:
[32m--> [39m[32m379[39m     features_final = [30;43mcalc_window_features[39;49m[30;43m([39;49m
[32m    380[39m [30;43m        [39;49m[30;43mconfig[39;49m[30;43m,[39;49m
[32m    381[39m [30;43m        [39;49m[30;43mtimeseries[39;49m[30;43m,[39;49m
[32m    382[39m [30;43m        [39;49m[30;43mfs[39;49m[30;43m,[39;49m
[32m    383[39m [30;43m        [39;49m[30;43mverbose[39;49m[30;43m=[39;49m[30;43mverbose[39;49m[30;43m,[39;49m
[32m    384[39m [30;43m        [39;49m[30;43mfeatures_path[39;49m[30;43m=[39;49m[30;43mfeatures_path[39;49m[30;43m,[39;49m
[32m    385[39m [30;43m        [39;49m[30;43mheader_names[39;49m[30;43m=[39;49m[30;43mnames[39;49m[30;43m,[39;49m
[32m    386[39m [30;43m        [39;49m[30;43msingle_window[39;49m[30;43m=[39;49m[30;43;01mTrue[39;49;00m[30;43m,[39;49m
[32m    387[39m [30;43m    [39;49m[30;43m)[39;49m
[32m    389[39m [38;5;66;03m# Assuring the same feature extraction order[39;00m
[32m    390[39m features_final = features_final.reindex([38;5;28msorted[39m(features_final.columns), axis=[32m1[39m)

[36mFile [39m[32m~\AppData\Local\Programs\Python\Python312\Lib\site-packages\tsfel\feature_extraction\calc_features.py:530[39m, in [36mcalc_window_features[39m[34m(config, window, fs, verbose, single_window, **kwargs)[39m
[32m    528[39m names = eval_result_ax[[33m"[39m[33mnames[39m[33m"[39m]
[32m    529[39m values = eval_result_ax[[33m"[39m[33mvalues[39m[33m"[39m]
[32m--> [39m[32m530[39m eval_result_ax = np.zeros([38;5;28mlen[39m(values)) [38;5;28;01mif[39;00m np.isnan([30;43mvalues[39;49m[30;43m[[39;49m[30;43m0[39;49m[30;43m][39;49m) [38;5;28;01melse[39;00m eval_result_ax
[32m    531[39m [38;5;28;01mfor[39;00m name, value [38;5;129;01min[39;00m [38;5;28mzip[39m(names, values):
[32m    532[39m     feature_results.append(value)

[31mIndexError[39m: index 0 is out of bounds for axis 0 with size 0

